[edge] universe: 54 variants (29 registry + 25 extra grid)
[edge] datasets: 15 asset/timeframe series (BTCUSD-1d, BTCUSD-4h, ETHUSD-1d, ETHUSD-4h, EURUSD-1d, GLD-1d, KRW-BTC-1d, KRW-BTC-4h, KRW-ETH-1d, KRW-ETH-4h, QQQ-1d, SLV-1d, SPY-1d, USDJPY-1d, USO-1d)
[edge] main pass done in 11s: N=810 pre-candidates=87 survivors=87
[edge] placebo shuffle 1/20: 150 survivor(s)
[edge] placebo shuffle 2/20: 172 survivor(s)
[edge] placebo shuffle 3/20: 150 survivor(s)
[edge] placebo shuffle 4/20: 152 survivor(s)
[edge] placebo shuffle 5/20: 168 survivor(s)
[edge] placebo shuffle 6/20: 176 survivor(s)
[edge] placebo shuffle 7/20: 167 survivor(s)
[edge] placebo shuffle 8/20: 159 survivor(s)
[edge] placebo shuffle 9/20: 166 survivor(s)
[edge] placebo shuffle 10/20: 173 survivor(s)
[edge] placebo shuffle 11/20: 135 survivor(s)
[edge] placebo shuffle 12/20: 177 survivor(s)
[edge] placebo shuffle 13/20: 151 survivor(s)
[edge] placebo shuffle 14/20: 117 survivor(s)
[edge] placebo shuffle 15/20: 145 survivor(s)
[edge] placebo shuffle 16/20: 134 survivor(s)
[edge] placebo shuffle 17/20: 149 survivor(s)
[edge] placebo shuffle 18/20: 137 survivor(s)
[edge] placebo shuffle 19/20: 160 survivor(s)
[edge] placebo shuffle 20/20: 166 survivor(s)
[edge] placebo done in 277s: counts=[150, 172, 150, 152, 168, 176, 167, 159, 166, 173, 135, 177, 151, 117, 145, 134, 149, 137, 160, 166]
[edge] decision: NO EVIDENCE OF EDGE (private survivors file written: False)
[edge] total runtime: 288s
