Running tests.py as a hard gate before producing results...
upper hand-derived
[PASS] indicator Donchian lower hand-derived
[PASS] indicator Supertrend: None during ATR(10) warm-up
[PASS] indicator Supertrend: only up/down after warm-up
[PASS] Upbit parser: correct normalized columns
[PASS] Upbit parser: 3 rows in, 3 rows out
[PASS] Upbit parser: ascending order (oldest first)
[PASS] Upbit parser: oldest row's date is 2024-01-01
[PASS] Upbit parser: newest row's date is 2024-01-03
[PASS] Upbit parser: field mapping correct (close <- trade_price)
[PASS] Upbit parser: field mapping correct (open/high/low/volume)
[PASS] Upbit parser: still-forming last 1d candle is dropped
[PASS] Upbit parser: fully-closed last candle is kept
[PASS] Korean page (no-data notice): mandatory disclaimer appears exactly twice (top+bottom)
[PASS] Korean page (no-data notice): banned word absent — '추천'
[PASS] Korean page (no-data notice): banned word absent — '수익 보장'
[PASS] Korean page (no-data notice): banned word absent — '확실'
[PASS] Korean page (no-data notice): banned word absent — '필승'
[PASS] Korean no-data page shows the '이번 주 데이터 없음' notice
[PASS] Korean page (full data): mandatory disclaimer appears exactly twice (top+bottom)
[PASS] Korean page (full data): banned word absent — '추천'
[PASS] Korean page (full data): banned word absent — '수익 보장'
[PASS] Korean page (full data): banned word absent — '확실'
[PASS] Korean page (full data): banned word absent — '필승'
[PASS] Korean full-data page shows the ALIVE badge as 생존
[PASS] Korean full-data page shows a Korean(English) strategy name
[PASS] Korean full-data page formats the last price in KRW
[PASS] Korean page (methodology): mandatory disclaimer appears exactly twice (top+bottom)
[PASS] Korean page (methodology): banned word absent — '추천'
[PASS] Korean page (methodology): banned word absent — '수익 보장'
[PASS] Korean page (methodology): banned word absent — '확실'
[PASS] Korean page (methodology): banned word absent — '필승'

ALL TESTS PASSED (pandas-engine tests; run crosscheck_bt.py separately for §6.2)

[run_weekly] BTCUSD 1d: as_of=2026-09-05, 24 rows (22 strategy variants + 2 reference)
[run_weekly] BTCUSD 4h: as_of=2026-09-06, 24 rows (22 strategy variants + 2 reference)
[run_weekly] ETHUSD 1d: as_of=2026-09-05, 24 rows (22 strategy variants + 2 reference)
[run_weekly] ETHUSD 4h: as_of=2026-09-06, 24 rows (22 strategy variants + 2 reference)

Wrote 96 rows to /home/runner/work/deadoralive/deadoralive/results/latest.json
Wrote /home/runner/work/deadoralive/deadoralive/results/history/2026-09-06.json
Wrote /home/runner/work/deadoralive/deadoralive/docs/latest.json
Verdict tally: {'ALIVE': 16, 'FADING': 31, 'DEAD': 26, 'TOO FEW TRADES': 15}

SUSPICIOUS RESULTS (OOS PF > 5.0 or Sharpe > 4.0) — treat as a possible bug, per spec_v2 §6:
  - {'strategy_id': 'dip_pct', 'params': '-5pct-5bar', 'asset': 'BTCUSD', 'tf': '4h', 'oos_pf': np.float64(13.64100308775583), 'oos_sharpe': np.float64(1.0272979947124028)}
  - {'strategy_id': 'sma_cross', 'params': '20-100', 'asset': 'ETHUSD', 'tf': '1d', 'oos_pf': np.float64(6.796330825558598), 'oos_sharpe': np.float64(0.9725511031090982)}
  - {'strategy_id': 'donchian', 'params': '55-20', 'asset': 'ETHUSD', 'tf': '1d', 'oos_pf': np.float64(6.232514125326542), 'oos_sharpe': np.float64(0.8346150652449134)}
Wrote /home/runner/work/deadoralive/deadoralive/docs/index.html
Wrote /home/runner/work/deadoralive/deadoralive/docs/methodology.html
[run_weekly] [ko] KRW-BTC 1d: as_of=2026-09-05, 24 rows (22 strategy variants + 2 reference)
[run_weekly] [ko] KRW-BTC 4h: as_of=2026-09-06, 24 rows (22 strategy variants + 2 reference)
[run_weekly] [ko] KRW-ETH 1d: as_of=2026-09-05, 24 rows (22 strategy variants + 2 reference)
[run_weekly] [ko] KRW-ETH 4h: as_of=2026-09-06, 24 rows (22 strategy variants + 2 reference)

[ko] Wrote 96 rows to /home/runner/work/deadoralive/deadoralive/results/latest_ko.json
Wrote /home/runner/work/deadoralive/deadoralive/results/history/ko_2026-09-06.json
Wrote /home/runner/work/deadoralive/deadoralive/docs/ko/latest.json
[ko] Verdict tally: {'ALIVE': 20, 'FADING': 32, 'DEAD': 19, 'TOO FEW TRADES': 17}

[ko] SUSPICIOUS RESULTS (OOS PF > 5.0 or Sharpe > 4.0) — treat as a possible bug, per spec_v2 §6:
  - {'strategy_id': 'sma_cross', 'params': '10-50', 'asset': 'KRW-BTC', 'tf': '1d', 'oos_pf': np.float64(7.5870810595138325), 'oos_sharpe': np.float64(1.4153731159262037)}
  - {'strategy_id': 'ema_cross', 'params': '12-26', 'asset': 'KRW-BTC', 'tf': '1d', 'oos_pf': np.float64(6.24416060705992), 'oos_sharpe': np.float64(1.5709220063828337)}
  - {'strategy_id': 'sma_cross', 'params': '50-200', 'asset': 'KRW-BTC', 'tf': '4h', 'oos_pf': np.float64(6.108468053020536), 'oos_sharpe': np.float64(1.4804416791924337)}
  - {'strategy_id': 'sma_cross', 'params': '20-100', 'asset': 'KRW-ETH', 'tf': '1d', 'oos_pf': np.float64(5.359742438127965), 'oos_sharpe': np.float64(0.9089950959136631)}
  - {'strategy_id': 'above_sma', 'params': 'n200', 'asset': 'KRW-ETH', 'tf': '1d', 'oos_pf': np.float64(19.001896223682618), 'oos_sharpe': np.float64(0.6082398263290261)}
Wrote /home/runner/work/deadoralive/deadoralive/docs/ko/index.html
Wrote /home/runner/work/deadoralive/deadoralive/docs/ko/methodology.html
